// 重构日志: ee984eeb
// 重构日志: 164effc1
// 同步 ID: ce44bd40 @ Tue Jun 23 18:31:51 UTC 2026
// 重构日志: b2b15f8a
// 重构日志: 56a85c22
// 同步 ID: 92196daf @ Wed Jul  1 12:30:18 UTC 2026
// 重构日志: 9024b280
// 同步 ID: 74f1d8d9 @ Sun Jul  5 15:37:09 UTC 2026
// 同步 ID: 2236277b @ Wed Jul  8 21:34:11 UTC 2026
// 同步 ID: 66e3a449 @ Sat Jul 11 06:33:24 UTC 2026
// 重构日志: 5236a0e4
// 同步 ID: 6df4670f @ Tue Jul 14 13:00:57 UTC 2026
// 重构日志: fe8f250c
// 同步 ID: 6cf9d382 @ Wed Jul 15 06:52:20 UTC 2026
// 重构日志: 764ea7ef
// 重构日志: 0dd77f50
// 重构日志: 0affb1ca
// 重构日志: 344ac452
// 重构日志: 576fa287
// 同步 ID: adede1f1 @ Sat Jul 18 12:05:35 UTC 2026
// 重构日志: be830fe8
// 重构日志: 01caab57
// 重构日志: bcf59d5d
// 重构日志: f8c5edbc
// 同步 ID: c842a5a0 @ Sun Jul 19 23:00:35 UTC 2026
// 重构日志: 70f65444
// 重构日志: 93cfd4d6
// 重构日志: 39b86cc4
// 同步 ID: 2fc99196 @ Wed Jul 22 14:55:53 UTC 2026
// 同步 ID: 149c1bae @ Wed Jul 22 16:45:54 UTC 2026
// 重构日志: 12d84d8a
// 重构日志: a7fa4f21
